LPT_EVIDENCE {"FA_CLC": 0, "case": "test_cached_scheduler_evidence[static]", "cluster": [1, 1], "dtype": "torch.bfloat16", "forward_cache_hit": false, "k_shape": [3, 1025, 5, 128], "lse_max_error": 6.198883056640625e-06, "m_block_size": 128, "masked_rows": 0, "mode": "STATIC", "n_block_size": 128, "num_splits": 1, "out_atol": 0.00390625, "out_max_error": 0.001953125, "out_reference_error": 0.00390625, "pack_gqa": false, "predicted_full_sections": 0, "predicted_residual_heads": 15, "predicted_swizzle": 64, "q_shape": [3, 129, 5, 128], "q_stage": 2, "scheduler": "SingleTileLPTScheduler", "use_2cta": false}
LPT_EVIDENCE {"FA_CLC": 0, "case": "test_cached_scheduler_evidence[static]", "cluster": [1, 1], "dtype": "torch.bfloat16", "forward_cache_hit": true, "k_shape": [3, 1025, 5, 128], "lse_max_error": 5.245208740234375e-06, "m_block_size": 128, "masked_rows": 0, "mode": "STATIC", "n_block_size": 128, "num_splits": 1, "out_atol": 0.00390625, "out_max_error": 0.0009765625, "out_reference_error": 0.0029296875, "pack_gqa": false, "predicted_full_sections": 0, "predicted_residual_heads": 15, "predicted_swizzle": 64, "q_shape": [3, 129, 5, 128], "q_stage": 2, "scheduler": "SingleTileLPTScheduler", "use_2cta": false}
.LPT_EVIDENCE {"FA_CLC": 1, "case": "test_cached_scheduler_evidence[clc]", "cluster": [1, 1], "dtype": "torch.bfloat16", "forward_cache_hit": false, "k_shape": [3, 1025, 5, 128], "lse_max_error": 6.198883056640625e-06, "m_block_size": 128, "masked_rows": 0, "mode": "CLC", "n_block_size": 128, "num_splits": 1, "out_atol": 0.00390625, "out_max_error": 0.001953125, "out_reference_error": 0.00390625, "pack_gqa": false, "predicted_full_sections": 0, "predicted_residual_heads": 15, "predicted_swizzle": 64, "q_shape": [3, 129, 5, 128], "q_stage": 2, "scheduler": "SingleTileLPTScheduler", "use_2cta": false}
LPT_EVIDENCE {"FA_CLC": 1, "case": "test_cached_scheduler_evidence[clc]", "cluster": [1, 1], "dtype": "torch.bfloat16", "forward_cache_hit": true, "k_shape": [3, 1025, 5, 128], "lse_max_error": 5.245208740234375e-06, "m_block_size": 128, "masked_rows": 0, "mode": "CLC", "n_block_size": 128, "num_splits": 1, "out_atol": 0.00390625, "out_max_error": 0.0009765625, "out_reference_error": 0.0029296875, "pack_gqa": false, "predicted_full_sections": 0, "predicted_residual_heads": 15, "predicted_swizzle": 64, "q_shape": [3, 129, 5, 128], "q_stage": 2, "scheduler": "SingleTileLPTScheduler", "use_2cta": false}
.LPT_EVIDENCE {"FA_CLC": 0, "case": "test_dynamic_split_metadata[static]", "cluster": [1, 1], "dtype": "torch.bfloat16", "forward_cache_hit": false, "k_shape": [3, 8192, 5, 128], "lse_max_error": 2.86102294921875e-06, "m_block_size": 128, "masked_rows": 0, "mode": "STATIC", "n_block_size": 128, "num_splits": 3, "out_atol": 0.001953125, "out_max_error": 0.00048828125, "out_reference_error": 0.0009765625, "pack_gqa": false, "predicted_full_sections": 1, "predicted_residual_heads": 7, "predicted_swizzle": 8, "q_shape": [3, 513, 5, 128], "q_stage": 2, "scheduler": "SingleTileLPTScheduler", "use_2cta": false}
.LPT_EVIDENCE {"FA_CLC": 1, "case": "test_dynamic_split_metadata[clc]", "cluster": [1, 1], "dtype": "torch.bfloat16", "forward_cache_hit": false, "k_shape": [3, 8192, 5, 128], "lse_max_error": 2.86102294921875e-06, "m_block_size": 128, "masked_rows": 0, "mode": "CLC", "n_block_size": 128, "num_splits": 3, "out_atol": 0.001953125, "out_max_error": 0.00048828125, "out_reference_error": 0.0009765625, "pack_gqa": false, "predicted_full_sections": 1, "predicted_residual_heads": 7, "predicted_swizzle": 8, "q_shape": [3, 513, 5, 128], "q_stage": 2, "scheduler": "SingleTileLPTScheduler", "use_2cta": false}
.
=============================== warnings summary ===============================
flash_attn/cute/flash_fwd.py:20
  <REPOSITORY>/flash_attn/cute/flash_fwd.py:20: DeprecationWarning: Arch from arch.py is deprecated. Use Arch from enums.py instead.
    from cutlass.base_dsl.arch import Arch

flash_attn/cute/flash_fwd_sm90.py:18
  <REPOSITORY>/flash_attn/cute/flash_fwd_sm90.py:18: DeprecationWarning: Arch from arch.py is deprecated. Use Arch from enums.py instead.
    from cutlass.base_dsl.arch import Arch

flash_attn/cute/flash_fwd_sm100.py:31
  <REPOSITORY>/flash_attn/cute/flash_fwd_sm100.py:31: DeprecationWarning: Arch from arch.py is deprecated. Use Arch from enums.py instead.
    from cutlass.base_dsl.arch import Arch

flash_attn/cute/flash_fwd_sm120.py:10
  <REPOSITORY>/flash_attn/cute/flash_fwd_sm120.py:10: DeprecationWarning: Arch from arch.py is deprecated. Use Arch from enums.py instead.
    from cutlass.base_dsl.arch import Arch

cute/test_lpt_clc_swizzle.py: 16 warnings
  <PYTHON_ENV>/lib/python3.12/site-packages/nvidia_cutlass_dsl/dsl_packages/cutlass/base_dsl/ast_preprocessor.py:658: DeprecationWarning: Arch from arch.py is deprecated. Use Arch from enums.py instead.
    exec_globals[alias] = getattr(module, attr)

cute/test_lpt_clc_swizzle.py::test_cached_scheduler_evidence[static]
cute/test_lpt_clc_swizzle.py::test_cached_scheduler_evidence[clc]
  <PYTHON_ENV>/lib/python3.12/site-packages/nvidia_cutlass_dsl/dsl_packages/cutlass/base_dsl/dsl.py:2463: UserWarning: Argument aux_data (position 18) cannot be converted to a JitArgument for function 'cutlass___call___flash_attncuteflash_fwd_sm100FlashAttentionForwardSm100_object_at__Tensorgmemoi64i64i641_Tensorgmemoi64i64i641_Tensorgmemoi64i64i641_Tensorgmemoi64i64i641_Tensorgm'. Its type `<class 'flash_attn.cute.utils.AuxData'>` is not supported. If the value is known at compile time, annotate it: `aux_data: Constexpr`. Otherwise, implement the `JitArgument` or `DynamicExpression` protocol for type `<class 'flash_attn.cute.utils.AuxData'>`, or register a custom argument adapter.
    exe_args, func_types, adapted_args = self.generate_mlir_function_types(

cute/test_lpt_clc_swizzle.py::test_cached_scheduler_evidence[clc]
cute/test_lpt_clc_swizzle.py::test_dynamic_split_metadata[clc]
  <REPOSITORY>/flash_attn/cute/tile_scheduler.py:580: DeprecationWarning: Migrated to examples/CuTeDSL/helpers/dynamic_persistent_tile_scheduler.py (BSD-3). The wheel copy will be removed in a future release.
    return ClcDynamicPersistentTileSchedulerParams(

cute/test_lpt_clc_swizzle.py::test_cached_scheduler_evidence[clc]
cute/test_lpt_clc_swizzle.py::test_dynamic_split_metadata[clc]
  <PYTHON_ENV>/lib/python3.12/site-packages/nvidia_cutlass_dsl/dsl_packages/cutlass/utils/dynamic_persistent_tile_scheduler.py:421: DeprecationWarning: Migrated to examples/CuTeDSL/helpers/dynamic_persistent_tile_scheduler.py (BSD-3). The wheel copy will be removed in a future release.
    return ClcDynamicPersistentTileScheduler(

cute/test_lpt_clc_swizzle.py: 48 warnings
  <PYTHON_ENV>/lib/python3.12/site-packages/nvidia_cutlass_dsl/dsl_packages/cutlass/utils/dynamic_persistent_tile_scheduler.py:359: DeprecationWarning: Migrated to examples/CuTeDSL/helpers/dynamic_persistent_tile_scheduler.py (BSD-3). The wheel copy will be removed in a future release.
    return ClcDynamicPersistentTileScheduler(

cute/test_lpt_clc_swizzle.py::test_dynamic_split_metadata[static]
cute/test_lpt_clc_swizzle.py::test_dynamic_split_metadata[clc]
  <PYTHON_ENV>/lib/python3.12/site-packages/nvidia_cutlass_dsl/dsl_packages/cutlass/base_dsl/dsl.py:2463: UserWarning: Argument aux_data (position 18) cannot be converted to a JitArgument for function 'cutlass___call___flash_attncuteflash_fwd_sm100FlashAttentionForwardSm100_object_at__Tensorgmemoi64i64i641_Tensorgmemoi64i64i641_Tensorgmemoi64i64i641_Tensorgmemoi64i64i64i641_Tenso'. Its type `<class 'flash_attn.cute.utils.AuxData'>` is not supported. If the value is known at compile time, annotate it: `aux_data: Constexpr`. Otherwise, implement the `JitArgument` or `DynamicExpression` protocol for type `<class 'flash_attn.cute.utils.AuxData'>`, or register a custom argument adapter.
    exe_args, func_types, adapted_args = self.generate_mlir_function_types(

-- Docs: https://docs.pytest.org/en/stable/how-to/capture-warnings.html
4 passed, 64 deselected, 76 warnings in 15.32s
