................................                                         [100%]
=============================== warnings summary ===============================
flash_attn/cute/flash_fwd.py:20
  <REPOSITORY>/flash_attn/cute/flash_fwd.py:20: DeprecationWarning: Arch from arch.py is deprecated. Use Arch from enums.py instead.
    from cutlass.base_dsl.arch import Arch

flash_attn/cute/flash_fwd_sm90.py:18
  <REPOSITORY>/flash_attn/cute/flash_fwd_sm90.py:18: DeprecationWarning: Arch from arch.py is deprecated. Use Arch from enums.py instead.
    from cutlass.base_dsl.arch import Arch

flash_attn/cute/flash_fwd_sm100.py:31
  <REPOSITORY>/flash_attn/cute/flash_fwd_sm100.py:31: DeprecationWarning: Arch from arch.py is deprecated. Use Arch from enums.py instead.
    from cutlass.base_dsl.arch import Arch

flash_attn/cute/flash_fwd_sm120.py:10
  <REPOSITORY>/flash_attn/cute/flash_fwd_sm120.py:10: DeprecationWarning: Arch from arch.py is deprecated. Use Arch from enums.py instead.
    from cutlass.base_dsl.arch import Arch

cute/test_lpt_clc_swizzle.py: 19 warnings
  <PYTHON_ENV>/lib/python3.12/site-packages/nvidia_cutlass_dsl/dsl_packages/cutlass/base_dsl/ast_preprocessor.py:658: DeprecationWarning: Arch from arch.py is deprecated. Use Arch from enums.py instead.
    exec_globals[alias] = getattr(module, attr)

cute/test_lpt_clc_swizzle.py::test_swizzle_sections[split1-full-causal-bf16]
cute/test_lpt_clc_swizzle.py::test_swizzle_sections[split1-full-causal-fp16]
cute/test_lpt_clc_swizzle.py::test_swizzle_sections[split1-full-local-bf16]
cute/test_lpt_clc_swizzle.py::test_swizzle_sections[split1-full-local-fp16]
cute/test_lpt_clc_swizzle.py::test_autoregressive_gqa[unpacked-1]
cute/test_lpt_clc_swizzle.py::test_autoregressive_gqa[packed-1]
  <PYTHON_ENV>/lib/python3.12/site-packages/nvidia_cutlass_dsl/dsl_packages/cutlass/base_dsl/dsl.py:2463: UserWarning: Argument aux_data (position 18) cannot be converted to a JitArgument for function 'cutlass___call___flash_attncuteflash_fwd_sm100FlashAttentionForwardSm100_object_at__Tensorgmemoi64i64i641_Tensorgmemoi64i64i641_Tensorgmemoi64i64i641_Tensorgmemoi64i64i641_Tensorgm'. Its type `<class 'flash_attn.cute.utils.AuxData'>` is not supported. If the value is known at compile time, annotate it: `aux_data: Constexpr`. Otherwise, implement the `JitArgument` or `DynamicExpression` protocol for type `<class 'flash_attn.cute.utils.AuxData'>`, or register a custom argument adapter.
    exe_args, func_types, adapted_args = self.generate_mlir_function_types(

cute/test_lpt_clc_swizzle.py: 10 warnings
  <REPOSITORY>/flash_attn/cute/tile_scheduler.py:580: DeprecationWarning: Migrated to examples/CuTeDSL/helpers/dynamic_persistent_tile_scheduler.py (BSD-3). The wheel copy will be removed in a future release.
    return ClcDynamicPersistentTileSchedulerParams(

cute/test_lpt_clc_swizzle.py: 10 warnings
  <PYTHON_ENV>/lib/python3.12/site-packages/nvidia_cutlass_dsl/dsl_packages/cutlass/utils/dynamic_persistent_tile_scheduler.py:421: DeprecationWarning: Migrated to examples/CuTeDSL/helpers/dynamic_persistent_tile_scheduler.py (BSD-3). The wheel copy will be removed in a future release.
    return ClcDynamicPersistentTileScheduler(

cute/test_lpt_clc_swizzle.py: 264 warnings
  <PYTHON_ENV>/lib/python3.12/site-packages/nvidia_cutlass_dsl/dsl_packages/cutlass/utils/dynamic_persistent_tile_scheduler.py:359: DeprecationWarning: Migrated to examples/CuTeDSL/helpers/dynamic_persistent_tile_scheduler.py (BSD-3). The wheel copy will be removed in a future release.
    return ClcDynamicPersistentTileScheduler(

cute/test_lpt_clc_swizzle.py::test_swizzle_sections[split3-full-causal-bf16]
cute/test_lpt_clc_swizzle.py::test_swizzle_sections[split3-full-causal-fp16]
cute/test_lpt_clc_swizzle.py::test_swizzle_sections[split3-full-local-bf16]
cute/test_lpt_clc_swizzle.py::test_swizzle_sections[split3-full-local-fp16]
  <PYTHON_ENV>/lib/python3.12/site-packages/nvidia_cutlass_dsl/dsl_packages/cutlass/base_dsl/dsl.py:2463: UserWarning: Argument aux_data (position 18) cannot be converted to a JitArgument for function 'cutlass___call___flash_attncuteflash_fwd_sm100FlashAttentionForwardSm100_object_at__Tensorgmemoi64i64i641_Tensorgmemoi64i64i641_Tensorgmemoi64i64i641_Tensorgmemoi64i64i64i641_Tenso'. Its type `<class 'flash_attn.cute.utils.AuxData'>` is not supported. If the value is known at compile time, annotate it: `aux_data: Constexpr`. Otherwise, implement the `JitArgument` or `DynamicExpression` protocol for type `<class 'flash_attn.cute.utils.AuxData'>`, or register a custom argument adapter.
    exe_args, func_types, adapted_args = self.generate_mlir_function_types(

-- Docs: https://docs.pytest.org/en/stable/how-to/capture-warnings.html
32 passed, 317 warnings in 41.92s
